Registered branch: orx/map-decoded-cones-comparison
Commit: 43ee5c73417181e0faf29be9223745d06e0af19a
Compute: Hugging Face cpu-upgrade
Command: python -m venv .venv && . .venv/bin/activate && python -m pip install --disable-pip-version-check numpy==2.3.2 && python repro/src/verify_bp.py

paper threshold at distance 3: chain=0.001303, tree=0.000826, grid=0.002275
computation-tree max |loopy-unwrapped| at depth 4: 0.000e+00
controls: disabled-convolution KL constant=True; Gaussian closure max KL=6.877e-08
paired-prefix seeds: positive slopes=1.000; median degree-10/2 ratio=3.260
analytic Appendix-D boundary: u*=0.4991595572; R*=6.0168484964
secondary Figure-4c finite-grid sweep=DIVERGENT IN THIS IMPLEMENTATION

Official Middlebury Cones: 150x200, 30,000 variables, five seeds
BP MSE mean+/-sd=21.781727+/-0.003305
BP posterior-expectation sensitivity MSE=25.116087
GBP MSE mean+/-sd=20.096043+/-0.000000
BP/GBP relative gap=7.7390%
low-contrast mean KL=0.012508; high-contrast edge mean KL=0.215593

claim_1_chain: ALIGNED
claim_2_tree: ALIGNED
claim_3_loopy: ALIGNED
claim_4_exclusion: ALIGNED
claim_5_degree: ALIGNED
claim_6_stereo: ALIGNED
aligned: 6/6
elapsed_seconds=245.900
